cat: flags=bn values= long= long_values= digits=False
cd: flags= values= long= long_values= digits=False
echo: flags=Een values= long= long_values= digits=False
gh issue list: flags= values=LRq long= long_values=--author --base --head --jq --json --label --limit --order --owner --repo --search --sort --state digits=False
gh issue view: flags= values=Rq long=--comments long_values=--author --base --head --jq --json --label --limit --order --owner --repo --search --sort --state digits=False
gh pr checks: flags= values=R long= long_values=--author --base --head --jq --json --label --limit --order --owner --repo --search --sort --state digits=False
gh pr diff: flags= values=R long=--name-only long_values=--author --base --head --jq --json --label --limit --order --owner --repo --search --sort --state digits=False
gh pr list: flags= values=LRq long= long_values=--author --base --head --jq --json --label --limit --order --owner --repo --search --sort --state digits=False
gh pr view: flags= values=Rq long=--comments long_values=--author --base --head --jq --json --label --limit --order --owner --repo --search --sort --state digits=False
gh search code: flags= values=LR long= long_values=--author --base --head --jq --json --label --limit --order --owner --repo --search --sort --state digits=False
gh search issues: flags= values=LR long= long_values=--author --base --head --jq --json --label --limit --order --owner --repo --search --sort --state digits=False
gh search prs: flags= values=LR long= long_values=--author --base --head --jq --json --label --limit --order --owner --repo --search --sort --state digits=False
git diff: flags=MRbw values=U long=--cached --check --exit-code --find-renames --ignore-all-space --ignore-space-change --name-only --name-status --no-color --no-ext-diff --no-renames --numstat --quiet --shortstat --staged --stat --summary long_values=--diff-filter --unified digits=False
git grep: flags=EFHIchilnvw values=ABCem long=--cached --count --extended-regexp --files-with-matches --fixed-strings --full-name --ignore-case --invert-match --line-number --name-only --untracked --word-regexp long_values=--after-context --before-context --context --max-count --max-depth digits=False
git log: flags=EFip values=GSn long=--abbrev-commit --all --all-match --branches --date-order --decorate --extended-regexp --first-parent --fixed-strings --follow --graph --invert-grep --merges --name-only --name-status --no-color --no-decorate --no-merges --no-patch --numstat --oneline --patch --regexp-ignore-case --remotes --reverse --shortstat --stat --summary --tags --topo-order long_values=--after --author --before --committer --date --diff-filter --format --grep --max-count --pretty --since --skip --until digits=True
git ls-files: flags=cdmo values= long=--cached --deleted --exclude-standard --full-name --modified --others long_values= digits=False
git rev-parse: flags=q values= long=--abbrev-ref --git-dir --is-inside-work-tree --show-prefix --show-toplevel --symbolic-full-name --verify long_values=--short digits=False
git show: flags=ps values= long=--abbrev-commit --name-only --name-status --no-color --no-patch --numstat --oneline --patch --shortstat --stat --summary long_values=--date --diff-filter --format --pretty digits=False
git status: flags=bs values= long=--branch --ignored --long --porcelain --short long_values= digits=False
grep: flags=EFHILRchilnoqrsvwxz values=ABCem long=--count --extended-regexp --files-with-matches --files-without-match --fixed-strings --ignore-case --invert-match --line-number --line-regexp --no-filename --no-messages --only-matching --quiet --recursive --silent --with-filename --word-regexp long_values=--after-context --before-context --color --colour --context --exclude --exclude-dir --include --max-count --regexp digits=False
head: flags= values=cn long= long_values= digits=True
jq: flags=MScejnrs values= long=--compact-output --exit-status --join-output --monochrome-output --null-input --raw-output --slurp --sort-keys long_values= digits=False
ls: flags=1AFGRSadhlrt values= long= long_values= digits=False
printf: flags= values= long= long_values= digits=False
rg: flags=FHILNPSUcilnosuvwx values=ABCMTegmt long=--case-sensitive --count --files --files-with-matches --fixed-strings --follow --heading --hidden --ignore-case --invert-match --json --line-number --multiline --no-filename --no-heading --no-ignore --no-line-number --only-matching --smart-case --stats --trim --vimgrep --with-filename --word-regexp long_values=--after-context --before-context --color --context --glob --iglob --max-count --max-depth --regexp --sort --type --type-not digits=False
tail: flags= values=cn long= long_values= digits=True
wc: flags=clmw values= long= long_values= digits=False
